// Jest Snapshot v1, https://goo.gl/fbAQLP

exports[`DebateLink component should match the DebateLink 1`] = `
<div
  className="debate-link"
  onMouseLeave={[Function]}
  onMouseOver={[Function]}
>
  <Link
    activeClassName="debate-class-active"
    className="debate-link-title debate-class"
    data-text="Debate"
    onlyActiveOnIndex={false}
    style={Object {}}
    to="https://foo.bar"
  >
    <span>
      <span>
        Debate
      </span>
    </span>
  </Link>
  <TimelineContainer
    active={false}
    identifier="survey"
    onClose={[Function]}
    onMenuItemClick={[Function]}
    small={undefined}
    title={
      <span>
        Debate
      </span>
    }
  />
</div>
`;
